This is pdfTeX, Version 3.141592653-2.6-1.40.27 (MiKTeX 25.4) (preloaded format=pdflatex 2025.11.12)  6 DEC 2025 18:04
entering extended mode
 restricted \write18 enabled.
 %&-line parsing enabled.
**./hw5.tex
(hw5.tex
LaTeX2e <2025-11-01>
L3 programming layer <2025-10-24>
(C:\Users\RAJ RUTGERS\AppData\Local\Programs\MiKTeX\tex/latex/base\article.cls
Document Class: article 2025/01/22 v1.4n Standard LaTeX document class
(C:\Users\RAJ RUTGERS\AppData\Local\Programs\MiKTeX\tex/latex/base\size10.clo
File: size10.clo 2025/01/22 v1.4n Standard LaTeX file (size option)
)
\c@part=\count275
\c@section=\count276
\c@subsection=\count277
\c@subsubsection=\count278
\c@paragraph=\count279
\c@subparagraph=\count280
\c@figure=\count281
\c@table=\count282
\abovecaptionskip=\skip49
\belowcaptionskip=\skip50
\bibindent=\dimen148
)
(C:\Users\RAJ RUTGERS\AppData\Local\Programs\MiKTeX\tex/latex/graphics\graphicx
.sty
Package: graphicx 2024/12/31 v1.2e Enhanced LaTeX Graphics (DPC,SPQR)

(C:\Users\RAJ RUTGERS\AppData\Local\Programs\MiKTeX\tex/latex/graphics\keyval.s
ty
Package: keyval 2022/05/29 v1.15 key=value parser (DPC)
\KV@toks@=\toks17
)
(C:\Users\RAJ RUTGERS\AppData\Local\Programs\MiKTeX\tex/latex/graphics\graphics
.sty
Package: graphics 2024/08/06 v1.4g Standard LaTeX Graphics (DPC,SPQR)

(C:\Users\RAJ RUTGERS\AppData\Local\Programs\MiKTeX\tex/latex/graphics\trig.sty
Package: trig 2023/12/02 v1.11 sin cos tan (DPC)
)
(C:\Users\RAJ RUTGERS\AppData\Local\Programs\MiKTeX\tex/latex/graphics-cfg\grap
hics.cfg
File: graphics.cfg 2016/06/04 v1.11 sample graphics configuration
)
Package graphics Info: Driver file: pdftex.def on input line 106.

(C:\Users\RAJ RUTGERS\AppData\Local\Programs\MiKTeX\tex/latex/graphics-def\pdft
ex.def
File: pdftex.def 2025/09/29 v1.2d Graphics/color driver for pdftex
))
\Gin@req@height=\dimen149
\Gin@req@width=\dimen150
)
(C:\Users\RAJ RUTGERS\AppData\Local\Programs\MiKTeX\tex/latex/amsmath\amsmath.s
ty
Package: amsmath 2025/07/09 v2.17z AMS math features
\@mathmargin=\skip51

For additional information on amsmath, use the `?' option.

(C:\Users\RAJ RUTGERS\AppData\Local\Programs\MiKTeX\tex/latex/amsmath\amstext.s
ty
Package: amstext 2024/11/17 v2.01 AMS text

(C:\Users\RAJ RUTGERS\AppData\Local\Programs\MiKTeX\tex/latex/amsmath\amsgen.st
y
File: amsgen.sty 1999/11/30 v2.0 generic functions
\@emptytoks=\toks18
\ex@=\dimen151
))
(C:\Users\RAJ RUTGERS\AppData\Local\Programs\MiKTeX\tex/latex/amsmath\amsbsy.st
y
Package: amsbsy 1999/11/29 v1.2d Bold Symbols
\pmbraise@=\dimen152
)
(C:\Users\RAJ RUTGERS\AppData\Local\Programs\MiKTeX\tex/latex/amsmath\amsopn.st
y
Package: amsopn 2022/04/08 v2.04 operator names
)
\inf@bad=\count283
LaTeX Info: Redefining \frac on input line 233.
\uproot@=\count284
\leftroot@=\count285
LaTeX Info: Redefining \overline on input line 398.
LaTeX Info: Redefining \colon on input line 409.
\classnum@=\count286
\DOTSCASE@=\count287
LaTeX Info: Redefining \ldots on input line 495.
LaTeX Info: Redefining \dots on input line 498.
LaTeX Info: Redefining \cdots on input line 619.
\Mathstrutbox@=\box53
\strutbox@=\box54
LaTeX Info: Redefining \big on input line 721.
LaTeX Info: Redefining \Big on input line 722.
LaTeX Info: Redefining \bigg on input line 723.
LaTeX Info: Redefining \Bigg on input line 724.
\big@size=\dimen153
LaTeX Font Info:    Redeclaring font encoding OML on input line 742.
LaTeX Font Info:    Redeclaring font encoding OMS on input line 743.
\macc@depth=\count288
LaTeX Info: Redefining \bmod on input line 904.
LaTeX Info: Redefining \pmod on input line 909.
LaTeX Info: Redefining \smash on input line 939.
LaTeX Info: Redefining \relbar on input line 969.
LaTeX Info: Redefining \Relbar on input line 970.
\c@MaxMatrixCols=\count289
\dotsspace@=\muskip17
\c@parentequation=\count290
\dspbrk@lvl=\count291
\tag@help=\toks19
\row@=\count292
\column@=\count293
\maxfields@=\count294
\andhelp@=\toks20
\eqnshift@=\dimen154
\alignsep@=\dimen155
\tagshift@=\dimen156
\tagwidth@=\dimen157
\totwidth@=\dimen158
\lineht@=\dimen159
\@envbody=\toks21
\multlinegap=\skip52
\multlinetaggap=\skip53
\mathdisplay@stack=\toks22
LaTeX Info: Redefining \[ on input line 2950.
LaTeX Info: Redefining \] on input line 2951.
)
(C:\Users\RAJ RUTGERS\AppData\Local\Programs\MiKTeX\tex/latex/amsfonts\amssymb.
sty
Package: amssymb 2013/01/14 v3.01 AMS font symbols

(C:\Users\RAJ RUTGERS\AppData\Local\Programs\MiKTeX\tex/latex/amsfonts\amsfonts
.sty
Package: amsfonts 2013/01/14 v3.01 Basic AMSFonts support
\symAMSa=\mathgroup4
\symAMSb=\mathgroup5
LaTeX Font Info:    Redeclaring math symbol \hbar on input line 98.
LaTeX Font Info:    Overwriting math alphabet `\mathfrak' in version `bold'
(Font)                  U/euf/m/n --> U/euf/b/n on input line 106.
))
(C:\Users\RAJ RUTGERS\AppData\Local\Programs\MiKTeX\tex/latex/l3backend\l3backe
nd-pdftex.def
File: l3backend-pdftex.def 2025-10-09 L3 backend support: PDF output (pdfTeX)
\l__color_backend_stack_int=\count295
) (hw5.aux)
\openout1 = `hw5.aux'.

LaTeX Font Info:    Checking defaults for OML/cmm/m/it on input line 9.
LaTeX Font Info:    ... okay on input line 9.
LaTeX Font Info:    Checking defaults for OMS/cmsy/m/n on input line 9.
LaTeX Font Info:    ... okay on input line 9.
LaTeX Font Info:    Checking defaults for OT1/cmr/m/n on input line 9.
LaTeX Font Info:    ... okay on input line 9.
LaTeX Font Info:    Checking defaults for T1/cmr/m/n on input line 9.
LaTeX Font Info:    ... okay on input line 9.
LaTeX Font Info:    Checking defaults for TS1/cmr/m/n on input line 9.
LaTeX Font Info:    ... okay on input line 9.
LaTeX Font Info:    Checking defaults for OMX/cmex/m/n on input line 9.
LaTeX Font Info:    ... okay on input line 9.
LaTeX Font Info:    Checking defaults for U/cmr/m/n on input line 9.
LaTeX Font Info:    ... okay on input line 9.

(C:\Users\RAJ RUTGERS\AppData\Local\Programs\MiKTeX\tex/context/base/mkii\supp-
pdf.mkii
[Loading MPS to PDF converter (version 2006.09.02).]
\scratchcounter=\count296
\scratchdimen=\dimen160
\scratchbox=\box55
\nofMPsegments=\count297
\nofMParguments=\count298
\everyMPshowfont=\toks23
\MPscratchCnt=\count299
\MPscratchDim=\dimen161
\MPnumerator=\count300
\makeMPintoPDFobject=\count301
\everyMPtoPDFconversion=\toks24
)
(C:\Users\RAJ RUTGERS\AppData\Local\Programs\MiKTeX\tex/latex/epstopdf-pkg\epst
opdf-base.sty
Package: epstopdf-base 2020-01-24 v2.11 Base part for package epstopdf
Package epstopdf-base Info: Redefining graphics rule for `.eps' on input line 4
85.

(C:\Users\RAJ RUTGERS\AppData\Local\Programs\MiKTeX\tex/latex/00miktex\epstopdf
-sys.cfg
File: epstopdf-sys.cfg 2021/03/18 v2.0 Configuration of epstopdf for MiKTeX
))
LaTeX Font Info:    Trying to load font information for U+msa on input line 11.


(C:\Users\RAJ RUTGERS\AppData\Local\Programs\MiKTeX\tex/latex/amsfonts\umsa.fd
File: umsa.fd 2013/01/14 v3.01 AMS symbols A
)
LaTeX Font Info:    Trying to load font information for U+msb on input line 11.

(C:\Users\RAJ RUTGERS\AppData\Local\Programs\MiKTeX\tex/latex/amsfonts\umsb.fd
File: umsb.fd 2013/01/14 v3.01 AMS symbols B
)
Overfull \hbox (10.6108pt too wide) in paragraph at lines 15--16
\OT1/cmr/m/n/10 Expectation-Maximization (EM) al-go-rithm for a Gaus-sian Mix-t
ure Model (GMM): 
 []

[1

{C:/Users/RAJ RUTGERS/AppData/Local/MiKTeX/fonts/map/pdftex/pdftex.map}]
[2] [3] [4]
Overfull \hbox (18.46419pt too wide) detected at line 319
[] \OML/cmm/m/it/10 ^^M[]\OT1/cmr/m/n/10 (\OML/cmm/m/it/10 x[] \OMS/cmsy/m/n/10
 ^^@ \OML/cmm/m/it/10 ^^V[]\OT1/cmr/m/n/10 )[] \OMS/cmsy/m/n/10 ^^Y \OT1/cmr/m/
n/10 0\OML/cmm/m/it/10 :\OT1/cmr/m/n/10 0180(11\OML/cmm/m/it/10 :\OT1/cmr/m/n/1
0 189) + 0\OML/cmm/m/it/10 :\OT1/cmr/m/n/10 1192(5\OML/cmm/m/it/10 :\OT1/cmr/m/
n/10 498) + 0\OML/cmm/m/it/10 :\OT1/cmr/m/n/10 8808(0\OML/cmm/m/it/10 :\OT1/cmr
/m/n/10 119) + 0\OML/cmm/m/it/10 :\OT1/cmr/m/n/10 9820(0\OML/cmm/m/it/10 :\OT1/
cmr/m/n/10 429)
 []

[5]
Overfull \hbox (24.93587pt too wide) detected at line 415
\OMS/cmsy/m/n/10 N\OT1/cmr/m/n/10 (2; \OML/cmm/m/it/10 ^^V[]; ^^[[]\OT1/cmr/m/n
/10 ) = 0\OML/cmm/m/it/10 :\OT1/cmr/m/n/10 4798\OML/cmm/m/it/10 e[] \OT1/cmr/m/
n/10 = 0\OML/cmm/m/it/10 :\OT1/cmr/m/n/10 000150\OML/cmm/m/it/10 ;  \OMS/cmsy/m
/n/10 N\OT1/cmr/m/n/10 (2; \OML/cmm/m/it/10 ^^V[]; ^^[[]\OT1/cmr/m/n/10 ) = 0\O
ML/cmm/m/it/10 :\OT1/cmr/m/n/10 4798\OML/cmm/m/it/10 e[] \OT1/cmr/m/n/10 = 0\OM
L/cmm/m/it/10 :\OT1/cmr/m/n/10 3544\OML/cmm/m/it/10 :
 []

[6]
Overfull \hbox (19.93585pt too wide) detected at line 452
\OMS/cmsy/m/n/10 N\OT1/cmr/m/n/10 (1; \OML/cmm/m/it/10 ^^V[]; ^^[[]\OT1/cmr/m/n
/10 ) = 0\OML/cmm/m/it/10 :\OT1/cmr/m/n/10 4798\OML/cmm/m/it/10 e[] \OT1/cmr/m/
n/10 = 0\OML/cmm/m/it/10 :\OT1/cmr/m/n/10 00906\OML/cmm/m/it/10 ;  \OMS/cmsy/m/
n/10 N\OT1/cmr/m/n/10 (1; \OML/cmm/m/it/10 ^^V[]; ^^[[]\OT1/cmr/m/n/10 ) = 0\OM
L/cmm/m/it/10 :\OT1/cmr/m/n/10 4798\OML/cmm/m/it/10 e[] \OT1/cmr/m/n/10 = 0\OML
/cmm/m/it/10 :\OT1/cmr/m/n/10 4394\OML/cmm/m/it/10 :
 []

[7]
<bayes_network.png, id=40, 283.0575pt x 209.28188pt>
File: bayes_network.png Graphic file (type png)
<use bayes_network.png>
Package pdftex.def Info: bayes_network.png  used on input line 525.
(pdftex.def)             Requested size: 155.24895pt x 114.78603pt.

Overfull \hbox (2.67795pt too wide) detected at line 553
\OML/cmm/m/it/10 P\OT1/cmr/m/n/10 (\OML/cmm/m/it/10 C \OMS/cmsy/m/n/10 j \OML/c
mm/m/it/10 S \OT1/cmr/m/n/10 = \OML/cmm/m/it/10 T; W \OT1/cmr/m/n/10 = \OML/cmm
/m/it/10 T\OT1/cmr/m/n/10 ) \OMS/cmsy/m/n/10 / [] \OML/cmm/m/it/10 P\OT1/cmr/m/
n/10 (\OML/cmm/m/it/10 C\OT1/cmr/m/n/10 ) \OML/cmm/m/it/10 P\OT1/cmr/m/n/10 (\O
ML/cmm/m/it/10 S \OT1/cmr/m/n/10 = \OML/cmm/m/it/10 T \OMS/cmsy/m/n/10 j \OML/c
mm/m/it/10 C\OT1/cmr/m/n/10 ) \OML/cmm/m/it/10 P\OT1/cmr/m/n/10 (\OML/cmm/m/it/
10 R \OMS/cmsy/m/n/10 j \OML/cmm/m/it/10 C\OT1/cmr/m/n/10 ) \OML/cmm/m/it/10 P\
OT1/cmr/m/n/10 (\OML/cmm/m/it/10 W \OT1/cmr/m/n/10 = \OML/cmm/m/it/10 T \OMS/cm
sy/m/n/10 j \OML/cmm/m/it/10 S \OT1/cmr/m/n/10 = \OML/cmm/m/it/10 T; R\OT1/cmr/
m/n/10 )\OML/cmm/m/it/10 :
 []

[8 <./bayes_network.png>] [9]
Overfull \hbox (6.79865pt too wide) detected at line 668
\OML/cmm/m/it/10 R[] \OMS/cmsy/m/n/10 ^^X \OML/cmm/m/it/10 P\OT1/cmr/m/n/10 (\O
ML/cmm/m/it/10 R \OMS/cmsy/m/n/10 j \OML/cmm/m/it/10 C[]; S \OT1/cmr/m/n/10 = \
OML/cmm/m/it/10 T; W \OT1/cmr/m/n/10 = \OML/cmm/m/it/10 T\OT1/cmr/m/n/10 )\OML/
cmm/m/it/10 ;  C[] \OMS/cmsy/m/n/10 ^^X \OML/cmm/m/it/10 P\OT1/cmr/m/n/10 (\OML
/cmm/m/it/10 C \OMS/cmsy/m/n/10 j \OML/cmm/m/it/10 R[]; S \OT1/cmr/m/n/10 = \OM
L/cmm/m/it/10 T; W \OT1/cmr/m/n/10 = \OML/cmm/m/it/10 T\OT1/cmr/m/n/10 )\OML/cm
m/m/it/10 :
 []


Overfull \hbox (9.53334pt too wide) detected at line 681
\OML/cmm/m/it/10 P\OT1/cmr/m/n/10 (\OML/cmm/m/it/10 R \OT1/cmr/m/n/10 = \OML/cm
m/m/it/10 T \OMS/cmsy/m/n/10 j \OML/cmm/m/it/10 C \OT1/cmr/m/n/10 = \OML/cmm/m/
it/10 T\OT1/cmr/m/n/10 ) \OMS/cmsy/m/n/10 / \OT1/cmr/m/n/10 0\OML/cmm/m/it/10 :
\OT1/cmr/m/n/10 8 \OMS/cmsy/m/n/10 ^^A \OT1/cmr/m/n/10 0\OML/cmm/m/it/10 :\OT1/
cmr/m/n/10 99 = 0\OML/cmm/m/it/10 :\OT1/cmr/m/n/10 792\OML/cmm/m/it/10 ;  P\OT1
/cmr/m/n/10 (\OML/cmm/m/it/10 R \OT1/cmr/m/n/10 = \OML/cmm/m/it/10 F \OMS/cmsy/
m/n/10 j \OML/cmm/m/it/10 C \OT1/cmr/m/n/10 = \OML/cmm/m/it/10 T\OT1/cmr/m/n/10
 ) \OMS/cmsy/m/n/10 / \OT1/cmr/m/n/10 0\OML/cmm/m/it/10 :\OT1/cmr/m/n/10 2 \OMS
/cmsy/m/n/10 ^^A \OT1/cmr/m/n/10 0\OML/cmm/m/it/10 :\OT1/cmr/m/n/10 90 = 0\OML/
cmm/m/it/10 :\OT1/cmr/m/n/10 180\OML/cmm/m/it/10 :
 []


Overfull \hbox (10.70695pt too wide) detected at line 691
\OML/cmm/m/it/10 P\OT1/cmr/m/n/10 (\OML/cmm/m/it/10 R \OT1/cmr/m/n/10 = \OML/cm
m/m/it/10 T \OMS/cmsy/m/n/10 j \OML/cmm/m/it/10 C \OT1/cmr/m/n/10 = \OML/cmm/m/
it/10 F\OT1/cmr/m/n/10 ) \OMS/cmsy/m/n/10 / \OT1/cmr/m/n/10 0\OML/cmm/m/it/10 :
\OT1/cmr/m/n/10 2 \OMS/cmsy/m/n/10 ^^A \OT1/cmr/m/n/10 0\OML/cmm/m/it/10 :\OT1/
cmr/m/n/10 99 = 0\OML/cmm/m/it/10 :\OT1/cmr/m/n/10 198\OML/cmm/m/it/10 ;  P\OT1
/cmr/m/n/10 (\OML/cmm/m/it/10 R \OT1/cmr/m/n/10 = \OML/cmm/m/it/10 F \OMS/cmsy/
m/n/10 j \OML/cmm/m/it/10 C \OT1/cmr/m/n/10 = \OML/cmm/m/it/10 F\OT1/cmr/m/n/10
 ) \OMS/cmsy/m/n/10 / \OT1/cmr/m/n/10 0\OML/cmm/m/it/10 :\OT1/cmr/m/n/10 8 \OMS
/cmsy/m/n/10 ^^A \OT1/cmr/m/n/10 0\OML/cmm/m/it/10 :\OT1/cmr/m/n/10 90 = 0\OML/
cmm/m/it/10 :\OT1/cmr/m/n/10 720\OML/cmm/m/it/10 :
 []


Overfull \hbox (20.64449pt too wide) detected at line 707
\OML/cmm/m/it/10 P\OT1/cmr/m/n/10 (\OML/cmm/m/it/10 C \OT1/cmr/m/n/10 = \OML/cm
m/m/it/10 T \OMS/cmsy/m/n/10 j \OML/cmm/m/it/10 R \OT1/cmr/m/n/10 = \OML/cmm/m/
it/10 T\OT1/cmr/m/n/10 ) \OMS/cmsy/m/n/10 / \OT1/cmr/m/n/10 0\OML/cmm/m/it/10 :
\OT1/cmr/m/n/10 5 \OMS/cmsy/m/n/10 ^^A \OT1/cmr/m/n/10 0\OML/cmm/m/it/10 :\OT1/
cmr/m/n/10 1 \OMS/cmsy/m/n/10 ^^A \OT1/cmr/m/n/10 0\OML/cmm/m/it/10 :\OT1/cmr/m
/n/10 8 = 0\OML/cmm/m/it/10 :\OT1/cmr/m/n/10 04\OML/cmm/m/it/10 ;  P\OT1/cmr/m/
n/10 (\OML/cmm/m/it/10 C \OT1/cmr/m/n/10 = \OML/cmm/m/it/10 F \OMS/cmsy/m/n/10 
j \OML/cmm/m/it/10 R \OT1/cmr/m/n/10 = \OML/cmm/m/it/10 T\OT1/cmr/m/n/10 ) \OMS
/cmsy/m/n/10 / \OT1/cmr/m/n/10 0\OML/cmm/m/it/10 :\OT1/cmr/m/n/10 5 \OMS/cmsy/m
/n/10 ^^A \OT1/cmr/m/n/10 0\OML/cmm/m/it/10 :\OT1/cmr/m/n/10 5 \OMS/cmsy/m/n/10
 ^^A \OT1/cmr/m/n/10 0\OML/cmm/m/it/10 :\OT1/cmr/m/n/10 2 = 0\OML/cmm/m/it/10 :
\OT1/cmr/m/n/10 05\OML/cmm/m/it/10 :
 []


Overfull \hbox (21.8181pt too wide) detected at line 717
\OML/cmm/m/it/10 P\OT1/cmr/m/n/10 (\OML/cmm/m/it/10 C \OT1/cmr/m/n/10 = \OML/cm
m/m/it/10 T \OMS/cmsy/m/n/10 j \OML/cmm/m/it/10 R \OT1/cmr/m/n/10 = \OML/cmm/m/
it/10 F\OT1/cmr/m/n/10 ) \OMS/cmsy/m/n/10 / \OT1/cmr/m/n/10 0\OML/cmm/m/it/10 :
\OT1/cmr/m/n/10 5 \OMS/cmsy/m/n/10 ^^A \OT1/cmr/m/n/10 0\OML/cmm/m/it/10 :\OT1/
cmr/m/n/10 1 \OMS/cmsy/m/n/10 ^^A \OT1/cmr/m/n/10 0\OML/cmm/m/it/10 :\OT1/cmr/m
/n/10 2 = 0\OML/cmm/m/it/10 :\OT1/cmr/m/n/10 01\OML/cmm/m/it/10 ;  P\OT1/cmr/m/
n/10 (\OML/cmm/m/it/10 C \OT1/cmr/m/n/10 = \OML/cmm/m/it/10 F \OMS/cmsy/m/n/10 
j \OML/cmm/m/it/10 R \OT1/cmr/m/n/10 = \OML/cmm/m/it/10 F\OT1/cmr/m/n/10 ) \OMS
/cmsy/m/n/10 / \OT1/cmr/m/n/10 0\OML/cmm/m/it/10 :\OT1/cmr/m/n/10 5 \OMS/cmsy/m
/n/10 ^^A \OT1/cmr/m/n/10 0\OML/cmm/m/it/10 :\OT1/cmr/m/n/10 5 \OMS/cmsy/m/n/10
 ^^A \OT1/cmr/m/n/10 0\OML/cmm/m/it/10 :\OT1/cmr/m/n/10 8 = 0\OML/cmm/m/it/10 :
\OT1/cmr/m/n/10 20\OML/cmm/m/it/10 :
 []

[10] [11]
<rbm_diagram.png, id=56, 325.215pt x 109.1578pt>
File: rbm_diagram.png Graphic file (type png)
<use rbm_diagram.png>
Package pdftex.def Info: rbm_diagram.png  used on input line 846.
(pdftex.def)             Requested size: 189.75105pt x 63.69131pt.
 [12 <./rbm_diagram.png>] [13] [14] [15] (hw5.aux)
 ***********
LaTeX2e <2025-11-01>
L3 programming layer <2025-10-24>
 ***********
 ) 
Here is how much of TeX's memory you used:
 2572 strings out of 467871
 37922 string characters out of 5415435
 446736 words of memory out of 5000000
 31450 multiletter control sequences out of 15000+600000
 635930 words of font info for 72 fonts, out of 8000000 for 9000
 1141 hyphenation exceptions out of 8191
 57i,9n,65p,233b,222s stack positions out of 10000i,1000n,20000p,200000b,200000s
<C:/Users/RAJ RUTGERS/AppData/Local/Programs/MiKTeX/fonts/type1/public/amsfon
ts/cm/cmbx10.pfb><C:/Users/RAJ RUTGERS/AppData/Local/Programs/MiKTeX/fonts/type
1/public/amsfonts/cm/cmbx12.pfb><C:/Users/RAJ RUTGERS/AppData/Local/Programs/Mi
KTeX/fonts/type1/public/amsfonts/cm/cmex10.pfb><C:/Users/RAJ RUTGERS/AppData/Lo
cal/Programs/MiKTeX/fonts/type1/public/amsfonts/cm/cmmi10.pfb><C:/Users/RAJ RUT
GERS/AppData/Local/Programs/MiKTeX/fonts/type1/public/amsfonts/cm/cmmi12.pfb><C
:/Users/RAJ RUTGERS/AppData/Local/Programs/MiKTeX/fonts/type1/public/amsfonts/c
m/cmmi5.pfb><C:/Users/RAJ RUTGERS/AppData/Local/Programs/MiKTeX/fonts/type1/pub
lic/amsfonts/cm/cmmi7.pfb><C:/Users/RAJ RUTGERS/AppData/Local/Programs/MiKTeX/f
onts/type1/public/amsfonts/cm/cmmi8.pfb><C:/Users/RAJ RUTGERS/AppData/Local/Pro
grams/MiKTeX/fonts/type1/public/amsfonts/cm/cmr10.pfb><C:/Users/RAJ RUTGERS/App
Data/Local/Programs/MiKTeX/fonts/type1/public/amsfonts/cm/cmr12.pfb><C:/Users/R
AJ RUTGERS/AppData/Local/Programs/MiKTeX/fonts/type1/public/amsfonts/cm/cmr17.p
fb><C:/Users/RAJ RUTGERS/AppData/Local/Programs/MiKTeX/fonts/type1/public/amsfo
nts/cm/cmr5.pfb><C:/Users/RAJ RUTGERS/AppData/Local/Programs/MiKTeX/fonts/type1
/public/amsfonts/cm/cmr7.pfb><C:/Users/RAJ RUTGERS/AppData/Local/Programs/MiKTe
X/fonts/type1/public/amsfonts/cm/cmr8.pfb><C:/Users/RAJ RUTGERS/AppData/Local/P
rograms/MiKTeX/fonts/type1/public/amsfonts/cm/cmsy10.pfb><C:/Users/RAJ RUTGERS/
AppData/Local/Programs/MiKTeX/fonts/type1/public/amsfonts/cm/cmsy5.pfb><C:/User
s/RAJ RUTGERS/AppData/Local/Programs/MiKTeX/fonts/type1/public/amsfonts/cm/cmsy
7.pfb><C:/Users/RAJ RUTGERS/AppData/Local/Programs/MiKTeX/fonts/type1/public/am
sfonts/cm/cmti10.pfb><C:/Users/RAJ RUTGERS/AppData/Local/Programs/MiKTeX/fonts/
type1/public/amsfonts/symbols/msbm10.pfb>
Output written on hw5.pdf (15 pages, 301030 bytes).
PDF statistics:
 151 PDF objects out of 1000 (max. 8388607)
 0 named destinations out of 1000 (max. 500000)
 11 words of extra memory for PDF output out of 10000 (max. 10000000)

